leftImg8bit/test/top_potsdam_2_13_1.png
leftImg8bit/test/top_potsdam_2_13_2.png
leftImg8bit/test/top_potsdam_2_13_3.png
leftImg8bit/test/top_potsdam_2_13_4.png
leftImg8bit/test/top_potsdam_2_14_1.png
leftImg8bit/test/top_potsdam_2_14_2.png
leftImg8bit/test/top_potsdam_2_14_3.png
leftImg8bit/test/top_potsdam_2_14_4.png
leftImg8bit/test/top_potsdam_3_13_1.png
leftImg8bit/test/top_potsdam_3_13_2.png
leftImg8bit/test/top_potsdam_3_13_3.png
leftImg8bit/test/top_potsdam_3_13_4.png
leftImg8bit/test/top_potsdam_3_14_1.png
leftImg8bit/test/top_potsdam_3_14_2.png
leftImg8bit/test/top_potsdam_3_14_3.png
leftImg8bit/test/top_potsdam_3_14_4.png
leftImg8bit/test/top_potsdam_4_13_1.png
leftImg8bit/test/top_potsdam_4_13_2.png
leftImg8bit/test/top_potsdam_4_13_3.png
leftImg8bit/test/top_potsdam_4_13_4.png
leftImg8bit/test/top_potsdam_4_14_1.png
leftImg8bit/test/top_potsdam_4_14_2.png
leftImg8bit/test/top_potsdam_4_14_3.png
leftImg8bit/test/top_potsdam_4_14_4.png
leftImg8bit/test/top_potsdam_4_15_1.png
leftImg8bit/test/top_potsdam_4_15_2.png
leftImg8bit/test/top_potsdam_4_15_3.png
leftImg8bit/test/top_potsdam_4_15_4.png
leftImg8bit/test/top_potsdam_5_13_1.png
leftImg8bit/test/top_potsdam_5_13_2.png
leftImg8bit/test/top_potsdam_5_13_3.png
leftImg8bit/test/top_potsdam_5_13_4.png
leftImg8bit/test/top_potsdam_5_14_1.png
leftImg8bit/test/top_potsdam_5_14_2.png
leftImg8bit/test/top_potsdam_5_14_3.png
leftImg8bit/test/top_potsdam_5_14_4.png
leftImg8bit/test/top_potsdam_5_15_1.png
leftImg8bit/test/top_potsdam_5_15_2.png
leftImg8bit/test/top_potsdam_5_15_3.png
leftImg8bit/test/top_potsdam_5_15_4.png
leftImg8bit/test/top_potsdam_6_13_1.png
leftImg8bit/test/top_potsdam_6_13_2.png
leftImg8bit/test/top_potsdam_6_13_3.png
leftImg8bit/test/top_potsdam_6_13_4.png
leftImg8bit/test/top_potsdam_6_14_1.png
leftImg8bit/test/top_potsdam_6_14_2.png
leftImg8bit/test/top_potsdam_6_14_3.png
leftImg8bit/test/top_potsdam_6_14_4.png
leftImg8bit/test/top_potsdam_6_15_1.png
leftImg8bit/test/top_potsdam_6_15_2.png
leftImg8bit/test/top_potsdam_6_15_3.png
leftImg8bit/test/top_potsdam_6_15_4.png
leftImg8bit/test/top_potsdam_7_13_1.png
leftImg8bit/test/top_potsdam_7_13_2.png
leftImg8bit/test/top_potsdam_7_13_3.png
leftImg8bit/test/top_potsdam_7_13_4.png